INFO 2026-05-20 00:50:08,463 views 20867 124887080521856 New client registered: newreg
INFO 2026-05-20 00:50:14,033 views 20867 124887080521856 Order #1 deleted
INFO 2026-05-20 00:50:19,753 views 20867 124887080521856 Home page visited by AnonymousUser
INFO 2026-05-20 00:50:21,228 views 20867 124887080521856 Review added by client  (Физическое лицо)
INFO 2026-05-20 00:51:09,988 views 20895 125402729947264 New client registered: newreg
INFO 2026-05-20 00:51:14,933 views 20895 125402729947264 Order #1 deleted
INFO 2026-05-20 00:51:20,835 views 20895 125402729947264 Home page visited by AnonymousUser
INFO 2026-05-20 00:51:22,260 views 20895 125402729947264 Review added by client  (Физическое лицо)
INFO 2026-05-20 00:51:42,231 views 20942 127289714348160 New client registered: newreg
INFO 2026-05-20 00:51:47,125 views 20942 127289714348160 Order #1 deleted
INFO 2026-05-20 00:51:52,178 views 20942 127289714348160 Home page visited by AnonymousUser
INFO 2026-05-20 00:51:53,522 views 20942 127289714348160 Review added by client  (Физическое лицо)
INFO 2026-05-20 00:52:32,928 views 20983 129568802088640 Home page visited by AnonymousUser
INFO 2026-05-20 00:52:58,771 views 21027 123665368100992 New client registered: newreg
INFO 2026-05-20 00:53:03,729 views 21027 123665368100992 Order #1 deleted
INFO 2026-05-20 00:53:08,661 views 21027 123665368100992 Home page visited by AnonymousUser
INFO 2026-05-20 00:53:09,913 views 21027 123665368100992 Review added by client  (Физическое лицо)
INFO 2026-05-20 15:14:55,622 views 13510 128066847241920 Home page visited by AnonymousUser
INFO 2026-05-20 15:15:07,744 views 13510 128066837800640 Home page visited by AnonymousUser
INFO 2026-05-20 15:15:29,761 views 13510 128066837800640 Home page visited by AnonymousUser
INFO 2026-05-20 15:21:38,956 views 13510 128066837800640 Order #11 created by client Анна Иванова (Физическое лицо)
INFO 2026-05-20 15:22:19,050 views 13510 128066837800640 Review added by client Анна Иванова (Физическое лицо)
INFO 2026-05-20 15:22:41,862 views 14166 134272921892544 Home page visited by AnonymousUser
INFO 2026-05-20 19:14:33,553 views 10 129154152396480 Home page visited by admin
INFO 2026-05-20 19:14:50,461 views 10 129154142955200 Home page visited by admin
INFO 2026-05-20 19:21:56,185 views 20965 137854467438272 Home page visited by admin
INFO 2026-05-20 19:21:58,967 views 20965 137854467438272 Home page visited by AnonymousUser
INFO 2026-05-20 19:25:59,748 views 20965 137854467438272 New client registered: anastacia
INFO 2026-05-20 19:26:24,587 views 20965 137854467438272 Home page visited by anastacia
INFO 2026-05-20 19:26:50,309 views 20965 137854455899840 Home page visited by anastacia
INFO 2026-05-20 19:27:23,366 views 21695 126004600239808 Home page visited by anastacia
INFO 2026-05-20 19:31:40,068 views 21695 126004600239808 Home page visited by admin
INFO 2026-05-20 22:57:09,095 views 8997 133761915596928 New client registered: newreg
INFO 2026-05-20 22:57:15,081 views 8997 133761915596928 Order #1 deleted
INFO 2026-05-20 22:57:21,595 views 8997 133761915596928 Home page visited by AnonymousUser
INFO 2026-05-20 22:57:26,016 views 8997 133761915596928 Review added by client  (Физическое лицо)
INFO 2026-05-20 22:57:55,029 views 9125 126637411799168 New client registered: newreg
INFO 2026-05-20 22:58:00,983 views 9125 126637411799168 Order #1 deleted
INFO 2026-05-20 22:58:06,960 views 9125 126637411799168 Home page visited by AnonymousUser
INFO 2026-05-20 22:58:11,344 views 9125 126637411799168 Review added by client  (Физическое лицо)
INFO 2026-05-20 23:17:30,681 views 12870 137157210108032 New client registered: newreg
INFO 2026-05-20 23:17:35,963 views 12870 137157210108032 Order #1 deleted
INFO 2026-05-20 23:17:41,288 views 12870 137157210108032 Home page visited by AnonymousUser
INFO 2026-05-20 23:17:42,629 views 12870 137157210108032 Review added by client  (Физическое лицо)
INFO 2026-05-21 01:16:11,231 views 22903 137017421592256 Home page visited by AnonymousUser
INFO 2026-05-21 12:40:09,901 views 9501 130274344040128 Home page visited by AnonymousUser
INFO 2026-05-21 12:40:45,374 views 9501 130274344040128 Home page visited by AnonymousUser
INFO 2026-05-21 12:43:56,451 views 9501 130274344040128 Home page visited by admin
INFO 2026-05-21 12:46:16,134 views 9501 130274344040128 Home page visited by admin
INFO 2026-05-21 13:42:54,628 views 11795 139073188525760 Home page visited by admin
INFO 2026-05-21 13:43:37,745 views 11795 139073188525760 Home page visited by admin
INFO 2026-05-21 13:44:22,024 views 12078 140107377436352 Home page visited by admin
INFO 2026-05-21 13:51:34,425 views 14693 124758894646976 Home page visited by admin
INFO 2026-05-21 13:51:46,966 views 14693 124758894646976 Home page visited by admin
INFO 2026-05-21 13:56:04,737 views 15285 139166872499904 Home page visited by admin
INFO 2026-05-21 13:56:59,007 views 15285 139166872499904 Home page visited by admin
